{"id":"abc123","name":"Michael Dyrynda","email":"michael@annature.test","number":"0400000000","timezone":"+10:30","role":"administrator","active":true,"groupId":null,"organisationId":"def456","created":"2024-03-15T22:21:30.000Z","verified":"2024-03-15T22:21:57.000Z"}