{"id":"fcad499b03c6fc222bc66208317a18c9","name":"Non disclosure agreement.pdf","pages":10,"original":"https:\/\/annature..","master":"https:\/\/annature..","created":"2019-12-17T05:30:00.000Z"}