{"base":"iVBORw0KGgoAAAANSUhE..","id":"fcad499b03c6fc222bc66208317a18c9","name":"Non disclosure agreement.pdf"}