[{"id":"abc123","name":"my-test.pdf","pages":1,"original":"https:\/\/annature.test\/documents\/original?expiry=later","master":"https:\/\/annature.test\/documents\/master?expiry=also-later","created":"2024-03-18T03:34:27.000Z"}]