{"id":"def456","name":"testing.pdf","pages":1,"original":"https:\/\/annature.test\/documents\/original?expiry=later","master":"https:\/\/annature.test\/documents\/master?expiry=also-later","created":"2024-03-18T05:14:12.000Z"}