{"id":"7e8f68e4c6df9395cd7ff48d69d7e2c1","name":"Non disclosure agreement","message":"Lorem ipsum dolor sit amet.","status":"sent","shared":false,"created":"2019-12-17T05:30:00.000Z","sent":"2019-12-17T05:30:00.000Z","voided":"2019-12-17T05:30:00.000Z","declined":"2019-12-17T05:30:00.000Z","completed":"2019-12-17T05:30:00.000Z","master":"https:\/\/annature..","certificate":"https:\/\/annature..","accountId":"c64ce66b70b21c03bfd5dfa0ab14b730","groupId":"a5a885caee6286a54ad7bbd4ab5400e9","recipients":[],"metadata":[]}